../Core/Src/main.c:292:7:HAL_TIM_PeriodElapsedCallback	16	static
../Core/Src/main.c:357:5:main	8	static
../Core/Src/main.c:415:6:SystemClock_Config	88	static
../Core/Src/main.c:462:13:MX_I2C1_Init	8	static
../Core/Src/main.c:496:13:MX_TIM7_Init	16	static
../Core/Src/main.c:534:13:MX_GPIO_Init	16	static
../Core/Src/main.c:543:6:Setup	8	static
../Core/Src/main.c:560:7:InitMPU9250	16	static
../Core/Src/main.c:692:6:InitAK8963	16	static
../Core/Src/main.c:744:6:ReadAccelGyro	32	static
../Core/Src/main.c:764:7:UpdateAccelGyro	24	static
../Core/Src/main.c:785:8:GetMagResolution	16	static
../Core/Src/main.c:800:7:ReadMag	40	static
../Core/Src/main.c:841:10:UpdateMag	32	static
../Core/Src/main.c:860:8:GetAccResolution	16	static
../Core/Src/main.c:879:8:GetGyroResolution	16	static
../Core/Src/main.c:902:8:CalibrateGyroAcc	8	static
../Core/Src/main.c:914:8:SetAccGyroToCalibration	8	static
../Core/Src/main.c:1022:8:CollectAccGyroDataToCalibration	56	static
../Core/Src/main.c:1090:8:WriteAccelOffset	40	static
../Core/Src/main.c:1163:8:WriteGyroOffset	16	static
../Core/Src/main.c:1185:9:CalibrateMag	16	static
../Core/Src/main.c:1205:10:CollectMagDataToCalibration	80	static
../Core/Src/main.c:1272:5:IsConnected	8	static
../Core/Src/main.c:1277:6:IsConnectedMPU9250	16	static
../Core/Src/main.c:1296:8:IsConnectedAK8963	32	static
../Core/Src/main.c:1317:9:WriteByte	32	static
../Core/Src/main.c:1328:15:ReadByte	32	static
../Core/Src/main.c:1338:11:ReadBytes	24	static
../Core/Src/main.c:1349:10:Update	8	static
../Core/Src/main.c:1359:12:GetAccX	4	static
../Core/Src/main.c:1360:15:GetAccY	4	static
../Core/Src/main.c:1361:15:GetAccZ	4	static
../Core/Src/main.c:1362:15:GetGyroX	4	static
../Core/Src/main.c:1363:15:GetGyroY	4	static
../Core/Src/main.c:1364:15:GetGyroZ	4	static
../Core/Src/main.c:1365:15:GetMagX	4	static
../Core/Src/main.c:1366:15:GetMagY	4	static
../Core/Src/main.c:1367:15:GetMagZ	4	static
../Core/Src/main.c:1371:15:GetAccBiasX	4	static
../Core/Src/main.c:1372:15:GetAccBiasY	4	static
../Core/Src/main.c:1373:15:GetAccBiasZ	4	static
../Core/Src/main.c:1374:15:GetGyroBiasX	4	static
../Core/Src/main.c:1375:15:GetGyroBiasY	4	static
../Core/Src/main.c:1376:15:GetGyroBiasZ	4	static
../Core/Src/main.c:1377:15:GetMagBiasX	4	static
../Core/Src/main.c:1378:15:GetMagBiasY	4	static
../Core/Src/main.c:1379:15:GetMagBiasZ	4	static
../Core/Src/main.c:1380:15:GetMagScaleX	4	static
../Core/Src/main.c:1381:15:GetMagScaleY	4	static
../Core/Src/main.c:1382:15:GetMagScaleZ	4	static
../Core/Src/main.c:1385:14:SetAccBias	24	static
../Core/Src/main.c:1391:14:SetGyroBias	24	static
../Core/Src/main.c:1397:14:SetMagBias	24	static
../Core/Src/main.c:1402:14:SetMagScale	24	static
../Core/Src/main.c:1407:14:SetMagneticDeclination	16	static
../Core/Src/main.c:1414:15:YawMag	16	static
../Core/Src/main.c:1523:6:UpdateRpy	48	static
../Core/Src/main.c:1571:6:Error_Handler	4	static,ignoring_inline_asm
